// Jest Snapshot v1, https://goo.gl/fbAQLP

exports[`Slider Component should render 1`] = `
<div>
  <style>
    
	.slider {
		display: flex;
		height: 130px;
		position:relative;
		width: 40px;
		margin: auto;
		justify-content: space-between;
	}
	.slider:focus {
		outline: 1px dashed black;
		padding: 0 5px;
	}
	.section {
		flex: 1 1 35%;
		display: flex;
		justify-content: space-between;
		margin: 5px 0; 
	}
	.bar{
		height: 100%;
		flex-basis: 47%;
		background-color: black;
	}
	.scale{
		width: 5px;
		display: flex;
		justify-content: space-between;
		flex-direction: column;
		margin: 5px 0; 
	}
	.tick {
		margin-left: 2px;
		height: 1px;
		background: black;
	}
	.tick.short{
		width: 60%;
	}
	.tick.long{
		width: 100%;
	}
	.number{
		flex-direction: column;
		font-size: 10px;
		line-height: 10px;
		font-family: helvetica;
		text-align: end;
	}

  </style>
  <div
    aria-label="slider"
    aria-valuemax="100"
    aria-valuemin="0"
    aria-valuenow="90"
    class="slider"
    role="slider"
    tabindex="0"
  >
    <div
      class="section"
    >
      <div
        class="bar"
      />
      <div
        class="bar"
      />
    </div>
    <div
      class="scale"
    >
      <div
        class="css-1ur5jav-basePointer-Point e1utnk6q1"
      />
      <div
        class="tick long"
      />
      <div
        class="tick short"
      />
      <div
        class="tick short"
      />
      <div
        class="tick long"
      />
      <div
        class="tick short"
      />
    </div>
    <div
      class="section number"
    >
      <div>
        100
      </div>
      <div>
        0
      </div>
    </div>
  </div>
</div>
`;
